=== RUN   TestFixtureDeclarationParsing
--- PASS: TestFixtureDeclarationParsing (0.00s)
=== RUN   TestFixtureGenericTargetParsing
--- PASS: TestFixtureGenericTargetParsing (0.00s)
=== RUN   TestUseRowParsing
--- PASS: TestUseRowParsing (0.00s)
=== RUN   TestFixtureDeclarationRejects
=== RUN   TestFixtureDeclarationRejects/empty_cases
=== RUN   TestFixtureDeclarationRejects/missing_target
=== RUN   TestFixtureDeclarationRejects/spread_case_input
=== RUN   TestFixtureDeclarationRejects/use_with_mode
=== RUN   TestFixtureDeclarationRejects/missing_cases
--- PASS: TestFixtureDeclarationRejects (0.00s)
    --- PASS: TestFixtureDeclarationRejects/empty_cases (0.00s)
    --- PASS: TestFixtureDeclarationRejects/missing_target (0.00s)
    --- PASS: TestFixtureDeclarationRejects/spread_case_input (0.00s)
    --- PASS: TestFixtureDeclarationRejects/use_with_mode (0.00s)
    --- PASS: TestFixtureDeclarationRejects/missing_cases (0.00s)
PASS
ok  	github.com/veighnsche/can-lang/compiler/internal/syntax	0.076s
