--- PASS: TestArtifactIdentityAndClosedImports (0.00s)
--- PASS: TestArtifactMetadataAndPayloadRefusals (0.00s)
--- PASS: TestSummarizeBuildRootsRequiresEveryRoot (0.00s)
--- PASS: TestCheckSnapshotHealthy (0.09s)
--- PASS: TestCheckSnapshotParseError (0.00s)
--- PASS: TestCheckSnapshotCheckErrorSpan (0.16s)
--- PASS: TestCheckSnapshotResolveErrorSpan (0.00s)
--- PASS: TestCheckSnapshotAstralSpan (0.05s)
--- PASS: TestSemanticDiagnosticUnavailable (0.00s)
--- PASS: TestDefinitionGeneratedFields (0.00s)
--- PASS: TestDefinitionJumps (0.05s)
--- SKIP: TestPackagedOutputValidationAndExecution (0.00s)
--- PASS: TestOwnedOutputPublicationAndLeases (0.12s)
--- PASS: TestOutputRefusesUnownedSymlinkedAndChangedInputs (0.02s)
--- PASS: TestInterruptedPublicationRecovery (0.72s)
--- PASS: TestOutputPreservesUnexpectedGenerationContents (0.51s)
--- PASS: TestCurrentManifestIsAuthoritative (0.07s)
--- PASS: TestCleanRebuildAndSnapshotBinding (0.15s)
--- PASS: TestInterruptedStageUnknownFilesArePreserved (0.04s)
--- PASS: TestOwnerRevalidationAndInputAssets (0.09s)
--- PASS: TestSourceRemovalPublishesOnlyNewGraph (0.13s)
--- PASS: TestProjectLockAcrossProcesses (0.03s)
--- PASS: TestPublicationRechecksSnapshotBeforeCurrent (0.39s)
--- PASS: TestStageLeavesCurrentUnchanged (0.11s)
--- PASS: TestStageWithoutPriorCurrent (0.05s)
--- PASS: TestStageRejectsInvalidGenerations (0.02s)
--- PASS: TestAcquireGenerationRejectsMalformed (0.05s)
--- PASS: TestSelectCurrentRequiresStaged (0.06s)
--- PASS: TestInterruptedStageNeverSelects (0.10s)
--- PASS: TestPublicationRechecksFixtureEdits (0.08s)
--- PASS: TestBuildInputsChangeOnFixtureOnlyDependencyEdit (0.04s)
--- PASS: TestDiscardGenerationRemovesOnlyStaged (0.10s)
--- PASS: TestOSMinimum (0.00s)
--- PASS: TestAssetPathRefusals (0.00s)
--- SKIP: TestPackagedSourceMaps (0.00s)
--- PASS: TestParseAssertTimeoutMs (0.00s)
--- PASS: TestParseRootReport (0.00s)
--- PASS: TestRootReportEntryReusesPayload (0.00s)
--- PASS: TestLastProgress (0.00s)
--- PASS: TestAwaitExit (0.01s)
--- PASS: TestExternalKillReapsNoncooperatingSpinner (0.06s)
--- PASS: TestDeliveredRootLatePassIsTimeout (0.00s)
--- PASS: TestDeliveredRootCrashAndProtocol (0.00s)
--- PASS: TestWorkerDiagnosticFiltersProgress (0.00s)
PASS
ok  	github.com/veighnsche/can-lang/compiler/internal/driver	3.637s
===CHECK===
--- PASS: TestRawFixtureBindingRejects (0.19s)
PASS
ok  	github.com/veighnsche/can-lang/compiler/internal/check	0.433s
