--- authored-binding
    ok=True exit=1 stderr='connection: unknown protocol\n'
--- callable-subset
    ok=True 2 assertions: [('can.project.root/guide::total', 'sample', True), ('can.project.root/guide::via_wide', 'sample', True)] evidence=['real-can']
--- container-covariance
    ok=True exit=1 stderr='concrete function can.project.root/guide::narrow_call: /private/var/folders/5x/bpszcvmj1tddmjp35y21dt680000gn/T/lf19-guide-bwv0l_kz/container-covariance/src/main.can region can.project.root/guide::narrow_call: expression at byte 324: expression type does not fit expected type at byte 
--- empty-literal-expected
    ok=True 5 assertions: [('can.project.root/guide::empty_bound', 'sample', True), ('can.project.root/guide::empty_find', 'empty', True), ('can.project.root/guide::empty_find', 'sample', True), ('can.project.root/guide::empty_result', 'sample', True), ('can.project.root/guide::selected', 'unit', True)] evidenc
--- forged-pool
    ok=True exit=1 stderr='concrete function can.project.root/guide::broken: /private/var/folders/5x/bpszcvmj1tddmjp35y21dt680000gn/T/lf19-guide-bwv0l_kz/forged-pool/src/main.can region can.project.root/guide::broken: expression type does not fit expected type at byte 514\n'
--- generic-inference
    ok=True 4 assertions: [('can.project.root/guide::identity', 'integer', True), ('can.project.root/guide::identity', 'text', True), ('can.project.root/guide::use_explicit', 'sample', True), ('can.project.root/guide::use_inferred', 'sample', True)] evidence=['real-can']
--- leaf-inclusion
    ok=True 4 assertions: [('can.project.root/guide::describe', 'none', True), ('can.project.root/guide::describe', 'some', True), ('can.project.root/guide::widen_leaf', 'sample', True), ('can.project.root/guide::widen_variant', 'sample', True)] evidence=['real-can']
--- manifest-badkey
    ok=True exit=1 stderr='/private/var/folders/5x/bpszcvmj1tddmjp35y21dt680000gn/T/lf19-guide-bwv0l_kz/manifest-badkey: unknown field "bogus"\n'
--- manifest-duplicate
    ok=True exit=1 stderr='/private/var/folders/5x/bpszcvmj1tddmjp35y21dt680000gn/T/lf19-guide-bwv0l_kz/manifest-duplicate: duplicate JSON key "source_root"\n'
--- manifest-escape
    ok=True exit=1 stderr='/private/var/folders/5x/bpszcvmj1tddmjp35y21dt680000gn/T/lf19-guide-bwv0l_kz/manifest-escape: parent traversal is forbidden in path "../escape"\n'
--- mixed-arithmetic
    ok=True exit=1 stderr='concrete function can.project.root/guide::mixed: /private/var/folders/5x/bpszcvmj1tddmjp35y21dt680000gn/T/lf19-guide-bwv0l_kz/mixed-arithmetic/src/main.can region can.project.root/guide::mixed: expression at byte 169: operator + requires identical operand types\n'
--- nominal-mismatch
    ok=True exit=1 stderr='concrete function can.project.root/guide::convert: /private/var/folders/5x/bpszcvmj1tddmjp35y21dt680000gn/T/lf19-guide-bwv0l_kz/nominal-mismatch/src/main.can region can.project.root/guide::convert: expression type does not fit expected type at byte 245\n'
--- numeric-conversion
    ok=True 7 assertions: [('can.project.root/guide::bool_int', 'no', True), ('can.project.root/guide::bool_int', 'yes', True), ('can.project.root/guide::float_int', 'exact', True), ('can.project.root/guide::float_int', 'fraction', True), ('can.project.root/guide::float_int', 'negative_zero', True), ('can.proje
--- numeric-edges
    ok=True 5 assertions: [('can.project.root/guide::nan_equals', 'sample', True), ('can.project.root/guide::neg_zero_differs', 'sample', True), ('can.project.root/guide::rem_negative', 'sample', True), ('can.project.root/guide::trunc_negative', 'sample', True), ('can.project.root/guide::trunc_negative_divisor'
--- pure-capability
    ok=True 3 assertions: [('can.project.root/guide::format_int', 'big', True), ('can.project.root/guide::format_int', 'negative', True), ('can.project.root/guide::format_int', 'zero', True)] evidence=['real-can']
--- resource-capability
    ok=True 2 assertions: [('can.project.root/guide::account_by_id', 'sample', True), ('can.project.root/guide::open_pool', 'sample', True)] evidence=['real-can', 'supplied-completion']
--- string-edges
    ok=True 4 assertions: [('can.project.root/guide::graphemes', 'sample', True), ('can.project.root/guide::half_open', 'sample', True), ('can.project.root/guide::scalars', 'sample', True), ('can.project.root/guide::utf16_index', 'sample', True)] evidence=['real-can']
--- unconstrained-empty
    ok=True exit=1 stderr='concrete function can.project.root/guide::broken: /private/var/folders/5x/bpszcvmj1tddmjp35y21dt680000gn/T/lf19-guide-bwv0l_kz/unconstrained-empty/src/main.can region can.project.root/guide::broken: expression at byte 115: empty array requires expected element type\n'
--- unknown-operation
    ok=True exit=1 stderr='concrete function can.project.root/guide::broken: /private/var/folders/5x/bpszcvmj1tddmjp35y21dt680000gn/T/lf19-guide-bwv0l_kz/unknown-operation/src/main.can region can.project.root/guide::broken: expression at byte 150: no eligible call text::bogus\n'
--- unresolved-generic
    ok=True exit=1 stderr='concrete function can.project.root/guide::broken: /private/var/folders/5x/bpszcvmj1tddmjp35y21dt680000gn/T/lf19-guide-bwv0l_kz/unresolved-generic/src/main.can region can.project.root/guide::broken: expression at byte 247: generic call can.project.root/guide::pick at byte 252: expressi
20/20 cases behave as expected
